warning: unused variable: `tokens`
    --> tools/minimize/src/main.rs:1511:55
     |
1511 |             Meta::List(MetaList { path, delimiter: _, tokens }) => {
     |                                                       ^^^^^^ help: try ignoring the field: `tokens: _`
     |
     = note: `#[warn(unused_variables)]` on by default

warning: `minimize` (bin "minimize") generated 1 warning
    Finished `release` profile [optimized] target(s) in 2.25s
     Running `/local/abai/verus/source/target/release/minimize -d ./tmp2 /local/abai/verified-memory-allocator/verus-mimalloc/lib.d`
verus succeeded with time: 61264ms
minimization of ./tmp2/0/lib.rs is completed
minimization of ./tmp2/1/os_mem.rs is completed
minimization of ./tmp2/2/thread.rs is completed
commenting out line Lines { lines: 1477..=1477 } in "./tmp2/3/tokens.rs"
commenting out line Lines { lines: 1755..=1755 } in "./tmp2/4/types.rs"
commenting out line Lines { lines: 89..=89 } in "./tmp2/5/flags.rs"
commenting out line Lines { lines: 129..=147 } in "./tmp2/6/layout.rs"
commenting out line Lines { lines: 114..=114 } in "./tmp2/7/config.rs"
commenting out line Lines { lines: 171..=171 } in "./tmp2/8/bin_sizes.rs"
minimization of ./tmp2/9/dealloc_token.rs is completed
commenting out line Lines { lines: 511..=511 } in "./tmp2/10/page_organization.rs"
verus failed, reverting
commenting out line Lines { lines: 155..=156 } in "./tmp2/6/layout.rs"
verus failed, reverting
commenting out line Lines { lines: 115..=115 } in "./tmp2/7/config.rs"
verus failed, reverting
verus failed, reverting
commenting out line Lines { lines: 1479..=1479 } in "./tmp2/3/tokens.rs"
commenting out line Lines { lines: 181..=185 } in "./tmp2/8/bin_sizes.rs"
verus failed, reverting
commenting out line Lines { lines: 100..=100 } in "./tmp2/5/flags.rs"
verus failed, reverting
minimization of ./tmp2/4/types.rs is completed
commenting out line Lines { lines: 61..=61 } in "./tmp2/11/os_mem_util.rs"
verus failed, reverting
commenting out line Lines { lines: 562..=562 } in "./tmp2/10/page_organization.rs"
verus failed, reverting
commenting out line Lines { lines: 230..=234 } in "./tmp2/6/layout.rs"
verus failed, reverting
commenting out line Lines { lines: 1471..=1481 } in "./tmp2/3/tokens.rs"
verus failed, reverting
commenting out line Lines { lines: 116..=116 } in "./tmp2/7/config.rs"
verus failed, reverting
commenting out line Lines { lines: 305..=305 } in "./tmp2/8/bin_sizes.rs"
verus failed, reverting
commenting out line Lines { lines: 568..=568 } in "./tmp2/10/page_organization.rs"
verus failed, reverting
commenting out line Lines { lines: 117..=117 } in "./tmp2/5/flags.rs"
verus failed, reverting
commenting out line Lines { lines: 62..=62 } in "./tmp2/11/os_mem_util.rs"
verus failed, reverting
commenting out line Lines { lines: 288..=291 } in "./tmp2/6/layout.rs"
verus failed, reverting
commenting out line Lines { lines: 1517..=1517 } in "./tmp2/3/tokens.rs"
verus failed, reverting
commenting out line Lines { lines: 306..=306 } in "./tmp2/8/bin_sizes.rs"
verus failed, reverting
minimization of ./tmp2/7/config.rs is completed
commenting out line Lines { lines: 77..=77 } in "./tmp2/12/pigeonhole.rs"
verus failed, reverting
commenting out line Lines { lines: 118..=119 } in "./tmp2/5/flags.rs"
verus failed, reverting
commenting out line Lines { lines: 597..=597 } in "./tmp2/10/page_organization.rs"
verus failed, reverting
commenting out line Lines { lines: 63..=63 } in "./tmp2/11/os_mem_util.rs"
verus failed, reverting
commenting out line Lines { lines: 307..=307 } in "./tmp2/8/bin_sizes.rs"
verus failed, reverting
commenting out line Lines { lines: 80..=80 } in "./tmp2/12/pigeonhole.rs"
verus failed, reverting
commenting out line Lines { lines: 366..=366 } in "./tmp2/6/layout.rs"
verus failed, reverting
commenting out line Lines { lines: 1513..=1522 } in "./tmp2/3/tokens.rs"
verus failed, reverting
commenting out line Lines { lines: 135..=135 } in "./tmp2/5/flags.rs"
verus failed, reverting
commenting out line Lines { lines: 605..=605 } in "./tmp2/10/page_organization.rs"
verus failed, reverting
commenting out line Lines { lines: 64..=64 } in "./tmp2/11/os_mem_util.rs"
verus failed, reverting
commenting out line Lines { lines: 308..=308 } in "./tmp2/8/bin_sizes.rs"
verus failed, reverting
commenting out line Lines { lines: 136..=136 } in "./tmp2/5/flags.rs"
verus failed, reverting
commenting out line Lines { lines: 94..=94 } in "./tmp2/12/pigeonhole.rs"
verus failed, reverting
commenting out line Lines { lines: 99..=99 } in "./tmp2/11/os_mem_util.rs"
verus failed, reverting
commenting out line Lines { lines: 1537..=1538 } in "./tmp2/3/tokens.rs"
verus failed, reverting
commenting out line Lines { lines: 425..=425 } in "./tmp2/6/layout.rs"
verus failed, reverting
commenting out line Lines { lines: 641..=648 } in "./tmp2/10/page_organization.rs"
verus failed, reverting
commenting out line Lines { lines: 309..=309 } in "./tmp2/8/bin_sizes.rs"
verus failed, reverting
commenting out line Lines { lines: 137..=137 } in "./tmp2/5/flags.rs"
verus failed, reverting
commenting out line Lines { lines: 1552..=1552 } in "./tmp2/3/tokens.rs"
verus failed, reverting
commenting out line Lines { lines: 281..=282 } in "./tmp2/11/os_mem_util.rs"
verus failed, reverting
commenting out line Lines { lines: 428..=428 } in "./tmp2/6/layout.rs"
verus failed, reverting
commenting out line Lines { lines: 132..=132 } in "./tmp2/12/pigeonhole.rs"
verus failed, reverting
commenting out line Lines { lines: 828..=828 } in "./tmp2/10/page_organization.rs"
verus failed, reverting
commenting out line Lines { lines: 310..=310 } in "./tmp2/8/bin_sizes.rs"
verus failed, reverting
commenting out line Lines { lines: 283..=283 } in "./tmp2/11/os_mem_util.rs"
verus failed, reverting
commenting out line Lines { lines: 152..=152 } in "./tmp2/5/flags.rs"
verus failed, reverting
commenting out line Lines { lines: 867..=867 } in "./tmp2/10/page_organization.rs"
verus failed, reverting
commenting out line Lines { lines: 429..=429 } in "./tmp2/6/layout.rs"
verus failed, reverting
commenting out line Lines { lines: 1548..=1557 } in "./tmp2/3/tokens.rs"
verus failed, reverting
commenting out line Lines { lines: 130..=133 } in "./tmp2/12/pigeonhole.rs"
verus failed, reverting
commenting out line Lines { lines: 311..=311 } in "./tmp2/8/bin_sizes.rs"
verus failed, reverting
commenting out line Lines { lines: 272..=284 } in "./tmp2/11/os_mem_util.rs"
verus failed, reverting
commenting out line Lines { lines: 1616..=1616 } in "./tmp2/3/tokens.rs"
verus failed, reverting
commenting out line Lines { lines: 139..=139 } in "./tmp2/12/pigeonhole.rs"
verus failed, reverting
commenting out line Lines { lines: 153..=153 } in "./tmp2/5/flags.rs"
verus failed, reverting
commenting out line Lines { lines: 2006..=2006 } in "./tmp2/10/page_organization.rs"
verus failed, reverting
commenting out line Lines { lines: 430..=431 } in "./tmp2/6/layout.rs"
verus failed, reverting
commenting out line Lines { lines: 2032..=2032 } in "./tmp2/10/page_organization.rs"
verus failed, reverting
commenting out line Lines { lines: 312..=312 } in "./tmp2/8/bin_sizes.rs"
verus failed, reverting
commenting out line Lines { lines: 154..=154 } in "./tmp2/5/flags.rs"
verus failed, reverting
commenting out line Lines { lines: 135..=141 } in "./tmp2/12/pigeonhole.rs"
verus failed, reverting
commenting out line Lines { lines: 322..=335 } in "./tmp2/11/os_mem_util.rs"
verus failed, reverting
commenting out line Lines { lines: 1660..=1660 } in "./tmp2/3/tokens.rs"
verus failed, reverting
commenting out line Lines { lines: 434..=438 } in "./tmp2/6/layout.rs"
verus failed, reverting
commenting out line Lines { lines: 313..=313 } in "./tmp2/8/bin_sizes.rs"
verus failed, reverting
commenting out line Lines { lines: 2063..=2063 } in "./tmp2/10/page_organization.rs"
verus failed, reverting
commenting out line Lines { lines: 1654..=1665 } in "./tmp2/3/tokens.rs"
verus failed, reverting
commenting out line Lines { lines: 170..=170 } in "./tmp2/5/flags.rs"
verus failed, reverting
commenting out line Lines { lines: 416..=421 } in "./tmp2/11/os_mem_util.rs"
verus failed, reverting
commenting out line Lines { lines: 170..=170 } in "./tmp2/12/pigeonhole.rs"
verus failed, reverting
commenting out line Lines { lines: 443..=443 } in "./tmp2/6/layout.rs"
verus failed, reverting
commenting out line Lines { lines: 314..=314 } in "./tmp2/8/bin_sizes.rs"
verus failed, reverting
commenting out line Lines { lines: 2011..=2070 } in "./tmp2/10/page_organization.rs"
verus failed, reverting
commenting out line Lines { lines: 422..=422 } in "./tmp2/11/os_mem_util.rs"
verus failed, reverting
minimization of ./tmp2/3/tokens.rs is completed
commenting out line Lines { lines: 229..=229 } in "./tmp2/13/linked_list.rs"
verus failed, reverting
commenting out line Lines { lines: 171..=171 } in "./tmp2/5/flags.rs"
verus failed, reverting
commenting out line Lines { lines: 167..=173 } in "./tmp2/12/pigeonhole.rs"
verus failed, reverting
commenting out line Lines { lines: 444..=444 } in "./tmp2/6/layout.rs"
verus failed, reverting
commenting out line Lines { lines: 2090..=2090 } in "./tmp2/10/page_organization.rs"
verus failed, reverting
commenting out line Lines { lines: 315..=315 } in "./tmp2/8/bin_sizes.rs"
verus failed, reverting
commenting out line Lines { lines: 409..=423 } in "./tmp2/11/os_mem_util.rs"
verus failed, reverting
commenting out line Lines { lines: 172..=172 } in "./tmp2/5/flags.rs"
verus failed, reverting
commenting out line Lines { lines: 227..=246 } in "./tmp2/13/linked_list.rs"
verus failed, reverting
commenting out line Lines { lines: 446..=447 } in "./tmp2/6/layout.rs"
verus failed, reverting
minimization of ./tmp2/12/pigeonhole.rs is completed
minimization of ./tmp2/14/bitmap.rs is completed
commenting out line Lines { lines: 18..=18 } in "./tmp2/15/commit_mask.rs"
verus failed, reverting
commenting out line Lines { lines: 316..=316 } in "./tmp2/8/bin_sizes.rs"
verus failed, reverting
commenting out line Lines { lines: 395..=442 } in "./tmp2/11/os_mem_util.rs"
verus failed, reverting
commenting out line Lines { lines: 2073..=2091 } in "./tmp2/10/page_organization.rs"
verus failed, reverting
commenting out line Lines { lines: 318..=318 } in "./tmp2/13/linked_list.rs"
verus failed, reverting
commenting out line Lines { lines: 445..=448 } in "./tmp2/6/layout.rs"
verus failed, reverting
commenting out line Lines { lines: 20..=20 } in "./tmp2/15/commit_mask.rs"
verus failed, reverting
commenting out line Lines { lines: 187..=187 } in "./tmp2/5/flags.rs"
verus failed, reverting
commenting out line Lines { lines: 317..=317 } in "./tmp2/8/bin_sizes.rs"
verus failed, reverting
commenting out line Lines { lines: 465..=465 } in "./tmp2/11/os_mem_util.rs"
verus failed, reverting
commenting out line Lines { lines: 188..=188 } in "./tmp2/5/flags.rs"
verus failed, reverting
verus failed, reverting
commenting out line Lines { lines: 2003..=2094 } in "./tmp2/10/page_organization.rs"
commenting out line Lines { lines: 16..=22 } in "./tmp2/15/commit_mask.rs"
verus failed, reverting
commenting out line Lines { lines: 316..=335 } in "./tmp2/13/linked_list.rs"
verus failed, reverting
commenting out line Lines { lines: 454..=455 } in "./tmp2/6/layout.rs"
verus failed, reverting
commenting out line Lines { lines: 318..=318 } in "./tmp2/8/bin_sizes.rs"
verus failed, reverting
commenting out line Lines { lines: 461..=466 } in "./tmp2/11/os_mem_util.rs"
verus failed, reverting
commenting out line Lines { lines: 2157..=2170 } in "./tmp2/10/page_organization.rs"
verus failed, reverting
commenting out line Lines { lines: 202..=202 } in "./tmp2/5/flags.rs"
verus failed, reverting
commenting out line Lines { lines: 450..=460 } in "./tmp2/6/layout.rs"
verus failed, reverting
commenting out line Lines { lines: 23..=23 } in "./tmp2/15/commit_mask.rs"
verus failed, reverting
commenting out line Lines { lines: 345..=345 } in "./tmp2/13/linked_list.rs"
verus failed, reverting
commenting out line Lines { lines: 319..=319 } in "./tmp2/8/bin_sizes.rs"
verus failed, reverting
commenting out line Lines { lines: 2307..=2307 } in "./tmp2/10/page_organization.rs"
verus failed, reverting
commenting out line Lines { lines: 486..=486 } in "./tmp2/11/os_mem_util.rs"
verus failed, reverting
commenting out line Lines { lines: 203..=203 } in "./tmp2/5/flags.rs"
verus failed, reverting
commenting out line Lines { lines: 476..=478 } in "./tmp2/6/layout.rs"
verus failed, reverting
commenting out line Lines { lines: 29..=31 } in "./tmp2/15/commit_mask.rs"
verus failed, reverting
commenting out line Lines { lines: 399..=399 } in "./tmp2/13/linked_list.rs"
verus failed, reverting
commenting out line Lines { lines: 320..=320 } in "./tmp2/8/bin_sizes.rs"
verus failed, reverting
commenting out line Lines { lines: 2299..=2316 } in "./tmp2/10/page_organization.rs"
verus failed, reverting
commenting out line Lines { lines: 487..=489 } in "./tmp2/6/layout.rs"
verus failed, reverting
commenting out line Lines { lines: 482..=487 } in "./tmp2/11/os_mem_util.rs"
verus failed, reverting
minimization of ./tmp2/5/flags.rs is completed
minimization of ./tmp2/16/arena.rs is completed
minimization of ./tmp2/17/alloc_fast.rs is completed
commenting out line Lines { lines: 175..=176 } in "./tmp2/18/alloc_generic.rs"
verus failed, reverting
commenting out line Lines { lines: 70..=71 } in "./tmp2/15/commit_mask.rs"
verus failed, reverting
commenting out line Lines { lines: 418..=418 } in "./tmp2/13/linked_list.rs"
verus failed, reverting
commenting out line Lines { lines: 321..=321 } in "./tmp2/8/bin_sizes.rs"
verus failed, reverting
commenting out line Lines { lines: 2329..=2329 } in "./tmp2/10/page_organization.rs"
verus failed, reverting
commenting out line Lines { lines: 416..=423 } in "./tmp2/13/linked_list.rs"
verus failed, reverting
commenting out line Lines { lines: 492..=492 } in "./tmp2/11/os_mem_util.rs"
verus failed, reverting
commenting out line Lines { lines: 520..=520 } in "./tmp2/6/layout.rs"
verus failed, reverting
commenting out line Lines { lines: 177..=178 } in "./tmp2/18/alloc_generic.rs"
verus failed, reverting
commenting out line Lines { lines: 72..=73 } in "./tmp2/15/commit_mask.rs"
verus failed, reverting
commenting out line Lines { lines: 322..=322 } in "./tmp2/8/bin_sizes.rs"
verus failed, reverting
commenting out line Lines { lines: 488..=493 } in "./tmp2/11/os_mem_util.rs"
verus failed, reverting
commenting out line Lines { lines: 2319..=2330 } in "./tmp2/10/page_organization.rs"
verus failed, reverting
commenting out line Lines { lines: 524..=524 } in "./tmp2/6/layout.rs"
verus failed, reverting
commenting out line Lines { lines: 593..=593 } in "./tmp2/13/linked_list.rs"
verus failed, reverting
commenting out line Lines { lines: 179..=180 } in "./tmp2/18/alloc_generic.rs"
verus failed, reverting
commenting out line Lines { lines: 74..=75 } in "./tmp2/15/commit_mask.rs"
verus failed, reverting
commenting out line Lines { lines: 323..=323 } in "./tmp2/8/bin_sizes.rs"
verus failed, reverting
commenting out line Lines { lines: 2293..=2333 } in "./tmp2/10/page_organization.rs"
verus failed, reverting
commenting out line Lines { lines: 553..=553 } in "./tmp2/6/layout.rs"
verus failed, reverting
commenting out line Lines { lines: 498..=498 } in "./tmp2/11/os_mem_util.rs"
verus failed, reverting
commenting out line Lines { lines: 594..=594 } in "./tmp2/13/linked_list.rs"
verus failed, reverting
commenting out line Lines { lines: 235..=236 } in "./tmp2/18/alloc_generic.rs"
verus failed, reverting
commenting out line Lines { lines: 62..=77 } in "./tmp2/15/commit_mask.rs"
verus failed, reverting
commenting out line Lines { lines: 324..=324 } in "./tmp2/8/bin_sizes.rs"
verus failed, reverting
commenting out line Lines { lines: 2337..=2337 } in "./tmp2/10/page_organization.rs"
verus failed, reverting
commenting out line Lines { lines: 557..=557 } in "./tmp2/6/layout.rs"
verus failed, reverting
commenting out line Lines { lines: 273..=274 } in "./tmp2/18/alloc_generic.rs"
verus failed, reverting
commenting out line Lines { lines: 494..=499 } in "./tmp2/11/os_mem_util.rs"
verus failed, reverting
commenting out line Lines { lines: 615..=615 } in "./tmp2/13/linked_list.rs"
verus failed, reverting
commenting out line Lines { lines: 92..=93 } in "./tmp2/15/commit_mask.rs"
verus failed, reverting
commenting out line Lines { lines: 325..=325 } in "./tmp2/8/bin_sizes.rs"
verus failed, reverting
commenting out line Lines { lines: 2335..=2339 } in "./tmp2/10/page_organization.rs"
verus failed, reverting
commenting out line Lines { lines: 631..=631 } in "./tmp2/6/layout.rs"
verus failed, reverting
commenting out line Lines { lines: 642..=642 } in "./tmp2/13/linked_list.rs"
verus failed, reverting
commenting out line Lines { lines: 261..=289 } in "./tmp2/18/alloc_generic.rs"
verus failed, reverting
commenting out line Lines { lines: 504..=504 } in "./tmp2/11/os_mem_util.rs"
verus failed, reverting
commenting out line Lines { lines: 94..=94 } in "./tmp2/15/commit_mask.rs"
verus failed, reverting
commenting out line Lines { lines: 326..=326 } in "./tmp2/8/bin_sizes.rs"
verus failed, reverting
commenting out line Lines { lines: 2341..=2347 } in "./tmp2/10/page_organization.rs"
verus failed, reverting
commenting out line Lines { lines: 684..=684 } in "./tmp2/6/layout.rs"
verus failed, reverting
commenting out line Lines { lines: 639..=643 } in "./tmp2/13/linked_list.rs"
verus failed, reverting
commenting out line Lines { lines: 500..=505 } in "./tmp2/11/os_mem_util.rs"
verus failed, reverting
commenting out line Lines { lines: 319..=331 } in "./tmp2/18/alloc_generic.rs"
verus failed, reverting
commenting out line Lines { lines: 98..=99 } in "./tmp2/15/commit_mask.rs"
verus failed, reverting
commenting out line Lines { lines: 327..=327 } in "./tmp2/8/bin_sizes.rs"
verus failed, reverting
commenting out line Lines { lines: 2367..=2367 } in "./tmp2/10/page_organization.rs"
verus failed, reverting
commenting out line Lines { lines: 656..=656 } in "./tmp2/13/linked_list.rs"
verus failed, reverting
minimization of ./tmp2/6/layout.rs is completed
minimization of ./tmp2/19/free.rs is completed
minimization of ./tmp2/20/realloc.rs is completed
commenting out line Lines { lines: 772..=772 } in "./tmp2/21/segment.rs"
verus failed, reverting
commenting out line Lines { lines: 602..=602 } in "./tmp2/11/os_mem_util.rs"
verus failed, reverting
commenting out line Lines { lines: 101..=102 } in "./tmp2/15/commit_mask.rs"
verus failed, reverting
commenting out line Lines { lines: 350..=351 } in "./tmp2/18/alloc_generic.rs"
verus failed, reverting
commenting out line Lines { lines: 328..=328 } in "./tmp2/8/bin_sizes.rs"
verus failed, reverting
commenting out line Lines { lines: 657..=657 } in "./tmp2/13/linked_list.rs"
verus failed, reverting
commenting out line Lines { lines: 2397..=2399 } in "./tmp2/10/page_organization.rs"
verus failed, reverting
commenting out line Lines { lines: 595..=603 } in "./tmp2/11/os_mem_util.rs"
verus failed, reverting
commenting out line Lines { lines: 770..=773 } in "./tmp2/21/segment.rs"
verus failed, reverting
commenting out line Lines { lines: 332..=364 } in "./tmp2/18/alloc_generic.rs"
verus failed, reverting
commenting out line Lines { lines: 115..=115 } in "./tmp2/15/commit_mask.rs"
verus failed, reverting
commenting out line Lines { lines: 329..=329 } in "./tmp2/8/bin_sizes.rs"
verus failed, reverting
commenting out line Lines { lines: 660..=660 } in "./tmp2/13/linked_list.rs"
verus failed, reverting
commenting out line Lines { lines: 2413..=2415 } in "./tmp2/10/page_organization.rs"
verus failed, reverting
commenting out line Lines { lines: 833..=833 } in "./tmp2/21/segment.rs"
verus failed, reverting
commenting out line Lines { lines: 605..=605 } in "./tmp2/11/os_mem_util.rs"
verus failed, reverting
minimization of ./tmp2/18/alloc_generic.rs is completed
commenting out line Lines { lines: 126..=126 } in "./tmp2/22/commit_segment.rs"
verus failed, reverting
commenting out line Lines { lines: 116..=116 } in "./tmp2/15/commit_mask.rs"
verus failed, reverting
commenting out line Lines { lines: 330..=330 } in "./tmp2/8/bin_sizes.rs"
verus failed, reverting
commenting out line Lines { lines: 654..=670 } in "./tmp2/13/linked_list.rs"
verus failed, reverting
commenting out line Lines { lines: 1273..=1273 } in "./tmp2/21/segment.rs"
verus failed, reverting
commenting out line Lines { lines: 2436..=2438 } in "./tmp2/10/page_organization.rs"
verus failed, reverting
commenting out line Lines { lines: 689..=694 } in "./tmp2/11/os_mem_util.rs"
verus failed, reverting
commenting out line Lines { lines: 127..=128 } in "./tmp2/15/commit_mask.rs"
verus failed, reverting
commenting out line Lines { lines: 207..=211 } in "./tmp2/22/commit_segment.rs"
verus failed, reverting
commenting out line Lines { lines: 331..=331 } in "./tmp2/8/bin_sizes.rs"
verus failed, reverting
commenting out line Lines { lines: 809..=809 } in "./tmp2/13/linked_list.rs"
verus failed, reverting
commenting out line Lines { lines: 1292..=1302 } in "./tmp2/21/segment.rs"
verus failed, reverting
commenting out line Lines { lines: 2473..=2473 } in "./tmp2/10/page_organization.rs"
verus failed, reverting
commenting out line Lines { lines: 695..=695 } in "./tmp2/11/os_mem_util.rs"
verus failed, reverting
commenting out line Lines { lines: 249..=249 } in "./tmp2/22/commit_segment.rs"
verus failed, reverting
commenting out line Lines { lines: 131..=132 } in "./tmp2/15/commit_mask.rs"
verus failed, reverting
commenting out line Lines { lines: 332..=332 } in "./tmp2/8/bin_sizes.rs"
verus failed, reverting
commenting out line Lines { lines: 810..=811 } in "./tmp2/13/linked_list.rs"
verus failed, reverting
commenting out line Lines { lines: 2465..=2482 } in "./tmp2/10/page_organization.rs"
verus failed, reverting
commenting out line Lines { lines: 1492..=1495 } in "./tmp2/21/segment.rs"
verus failed, reverting
commenting out line Lines { lines: 698..=698 } in "./tmp2/11/os_mem_util.rs"
verus failed, reverting
commenting out line Lines { lines: 250..=250 } in "./tmp2/22/commit_segment.rs"
verus failed, reverting
commenting out line Lines { lines: 146..=147 } in "./tmp2/15/commit_mask.rs"
verus failed, reverting
commenting out line Lines { lines: 333..=333 } in "./tmp2/8/bin_sizes.rs"
verus failed, reverting
commenting out line Lines { lines: 814..=815 } in "./tmp2/13/linked_list.rs"
verus failed, reverting
commenting out line Lines { lines: 1852..=1852 } in "./tmp2/21/segment.rs"
verus failed, reverting
commenting out line Lines { lines: 2495..=2495 } in "./tmp2/10/page_organization.rs"
verus failed, reverting
commenting out line Lines { lines: 681..=700 } in "./tmp2/11/os_mem_util.rs"
verus failed, reverting
commenting out line Lines { lines: 253..=257 } in "./tmp2/22/commit_segment.rs"
verus failed, reverting
commenting out line Lines { lines: 148..=148 } in "./tmp2/15/commit_mask.rs"
verus failed, reverting
commenting out line Lines { lines: 334..=334 } in "./tmp2/8/bin_sizes.rs"
verus failed, reverting
commenting out line Lines { lines: 884..=885 } in "./tmp2/13/linked_list.rs"
verus failed, reverting
commenting out line Lines { lines: 1862..=1862 } in "./tmp2/21/segment.rs"
verus failed, reverting
commenting out line Lines { lines: 2485..=2496 } in "./tmp2/10/page_organization.rs"
verus failed, reverting
commenting out line Lines { lines: 786..=791 } in "./tmp2/11/os_mem_util.rs"
verus failed, reverting
commenting out line Lines { lines: 265..=265 } in "./tmp2/22/commit_segment.rs"
verus failed, reverting
commenting out line Lines { lines: 152..=153 } in "./tmp2/15/commit_mask.rs"
verus failed, reverting
commenting out line Lines { lines: 335..=335 } in "./tmp2/8/bin_sizes.rs"
verus failed, reverting
commenting out line Lines { lines: 886..=887 } in "./tmp2/13/linked_list.rs"
verus failed, reverting
commenting out line Lines { lines: 1856..=1863 } in "./tmp2/21/segment.rs"
verus failed, reverting
commenting out line Lines { lines: 2459..=2499 } in "./tmp2/10/page_organization.rs"
verus failed, reverting
commenting out line Lines { lines: 792..=792 } in "./tmp2/11/os_mem_util.rs"
verus failed, reverting
commenting out line Lines { lines: 155..=156 } in "./tmp2/15/commit_mask.rs"
verus succeeded with time: 145116ms
commenting out line Lines { lines: 260..=267 } in "./tmp2/22/commit_segment.rs"
verus failed, reverting
commenting out line Lines { lines: 336..=336 } in "./tmp2/8/bin_sizes.rs"
verus failed, reverting
minimization of ./tmp2/21/segment.rs is completed
commenting out line Lines { lines: 76..=76 } in "./tmp2/23/os_commit.rs"
verus succeeded with time: 148676ms
commenting out line Lines { lines: 891..=892 } in "./tmp2/13/linked_list.rs"
verus failed, reverting
commenting out line Lines { lines: 2519..=2523 } in "./tmp2/10/page_organization.rs"
verus failed, reverting
commenting out line Lines { lines: 775..=796 } in "./tmp2/11/os_mem_util.rs"
verus failed, reverting
commenting out line Lines { lines: 168..=168 } in "./tmp2/15/commit_mask.rs"
verus succeeded with time: 148643ms
commenting out line Lines { lines: 268..=268 } in "./tmp2/22/commit_segment.rs"
verus failed, reverting
commenting out line Lines { lines: 337..=337 } in "./tmp2/8/bin_sizes.rs"
verus failed, reverting
commenting out line Lines { lines: 71..=81 } in "./tmp2/23/os_commit.rs"
verus failed, reverting
commenting out line Lines { lines: 889..=895 } in "./tmp2/13/linked_list.rs"
verus failed, reverting
commenting out line Lines { lines: 2527..=2527 } in "./tmp2/10/page_organization.rs"
verus failed, reverting
commenting out line Lines { lines: 855..=860 } in "./tmp2/11/os_mem_util.rs"
verus failed, reverting
commenting out line Lines { lines: 185..=185 } in "./tmp2/15/commit_mask.rs"
verus failed, reverting
commenting out line Lines { lines: 270..=274 } in "./tmp2/22/commit_segment.rs"
verus failed, reverting
commenting out line Lines { lines: 338..=338 } in "./tmp2/8/bin_sizes.rs"
verus failed, reverting
minimization of ./tmp2/23/os_commit.rs is completed
minimization of ./tmp2/24/os_alloc.rs is completed
commenting out line Lines { lines: 290..=290 } in "./tmp2/25/page.rs"
verus failed, reverting
commenting out line Lines { lines: 925..=925 } in "./tmp2/13/linked_list.rs"
verus failed, reverting
commenting out line Lines { lines: 2525..=2529 } in "./tmp2/10/page_organization.rs"
verus failed, reverting
commenting out line Lines { lines: 861..=861 } in "./tmp2/11/os_mem_util.rs"
verus failed, reverting
commenting out line Lines { lines: 186..=186 } in "./tmp2/15/commit_mask.rs"
verus failed, reverting
commenting out line Lines { lines: 278..=283 } in "./tmp2/22/commit_segment.rs"
verus failed, reverting
commenting out line Lines { lines: 339..=339 } in "./tmp2/8/bin_sizes.rs"
verus failed, reverting
commenting out line Lines { lines: 288..=291 } in "./tmp2/25/page.rs"
verus failed, reverting
commenting out line Lines { lines: 930..=930 } in "./tmp2/13/linked_list.rs"
verus failed, reverting
commenting out line Lines { lines: 848..=862 } in "./tmp2/11/os_mem_util.rs"
verus failed, reverting
commenting out line Lines { lines: 2567..=2571 } in "./tmp2/10/page_organization.rs"
verus failed, reverting
commenting out line Lines { lines: 187..=188 } in "./tmp2/15/commit_mask.rs"
verus failed, reverting
commenting out line Lines { lines: 284..=287 } in "./tmp2/22/commit_segment.rs"
verus failed, reverting
commenting out line Lines { lines: 340..=340 } in "./tmp2/8/bin_sizes.rs"
verus failed, reverting
commenting out line Lines { lines: 349..=351 } in "./tmp2/25/page.rs"
verus failed, reverting
commenting out line Lines { lines: 887..=887 } in "./tmp2/11/os_mem_util.rs"
verus failed, reverting
commenting out line Lines { lines: 2607..=2607 } in "./tmp2/10/page_organization.rs"
verus succeeded with time: 146679ms
commenting out line Lines { lines: 956..=974 } in "./tmp2/13/linked_list.rs"
verus failed, reverting
commenting out line Lines { lines: 189..=190 } in "./tmp2/15/commit_mask.rs"
verus failed, reverting
commenting out line Lines { lines: 288..=292 } in "./tmp2/22/commit_segment.rs"
verus failed, reverting
commenting out line Lines { lines: 341..=341 } in "./tmp2/8/bin_sizes.rs"
verus failed, reverting
commenting out line Lines { lines: 383..=384 } in "./tmp2/25/page.rs"
verus failed, reverting
commenting out line Lines { lines: 888..=888 } in "./tmp2/11/os_mem_util.rs"
verus failed, reverting
commenting out line Lines { lines: 978..=978 } in "./tmp2/13/linked_list.rs"
verus failed, reverting
commenting out line Lines { lines: 2586..=2613 } in "./tmp2/10/page_organization.rs"
verus failed, reverting
commenting out line Lines { lines: 191..=192 } in "./tmp2/15/commit_mask.rs"
verus failed, reverting
commenting out line Lines { lines: 407..=408 } in "./tmp2/22/commit_segment.rs"
verus failed, reverting
commenting out line Lines { lines: 342..=342 } in "./tmp2/8/bin_sizes.rs"
verus failed, reverting
minimization of ./tmp2/25/page.rs is completed
commenting out line Lines { lines: 132..=157 } in "./tmp2/26/queues.rs"
verus succeeded with time: 144835ms
commenting out line Lines { lines: 871..=891 } in "./tmp2/11/os_mem_util.rs"
verus failed, reverting
commenting out line Lines { lines: 2644..=2644 } in "./tmp2/10/page_organization.rs"
verus failed, reverting
commenting out line Lines { lines: 223..=227 } in "./tmp2/15/commit_mask.rs"
verus failed, reverting
commenting out line Lines { lines: 921..=991 } in "./tmp2/13/linked_list.rs"
verus failed, reverting
commenting out line Lines { lines: 409..=410 } in "./tmp2/22/commit_segment.rs"
verus failed, reverting
commenting out line Lines { lines: 343..=343 } in "./tmp2/8/bin_sizes.rs"
verus failed, reverting
commenting out line Lines { lines: 173..=195 } in "./tmp2/26/queues.rs"
verus failed, reverting
commenting out line Lines { lines: 937..=938 } in "./tmp2/11/os_mem_util.rs"
verus failed, reverting
commenting out line Lines { lines: 2636..=2653 } in "./tmp2/10/page_organization.rs"
verus failed, reverting
commenting out line Lines { lines: 220..=228 } in "./tmp2/15/commit_mask.rs"
verus failed, reverting
commenting out line Lines { lines: 1009..=1010 } in "./tmp2/13/linked_list.rs"
verus failed, reverting
minimization of ./tmp2/22/commit_segment.rs is completed
commenting out line Lines { lines: 250..=260 } in "./tmp2/27/init.rs"
verus failed, reverting
commenting out line Lines { lines: 344..=344 } in "./tmp2/8/bin_sizes.rs"
verus failed, reverting
commenting out line Lines { lines: 328..=354 } in "./tmp2/26/queues.rs"
verus failed, reverting
commenting out line Lines { lines: 2666..=2666 } in "./tmp2/10/page_organization.rs"
verus failed, reverting
commenting out line Lines { lines: 945..=945 } in "./tmp2/11/os_mem_util.rs"
verus failed, reverting
commenting out line Lines { lines: 247..=247 } in "./tmp2/15/commit_mask.rs"
verus failed, reverting
commenting out line Lines { lines: 1040..=1040 } in "./tmp2/13/linked_list.rs"
verus failed, reverting
commenting out line Lines { lines: 345..=345 } in "./tmp2/8/bin_sizes.rs"
verus failed, reverting
commenting out line Lines { lines: 285..=285 } in "./tmp2/27/init.rs"
verus failed, reverting
commenting out line Lines { lines: 370..=392 } in "./tmp2/26/queues.rs"
verus failed, reverting
commenting out line Lines { lines: 946..=946 } in "./tmp2/11/os_mem_util.rs"
verus failed, reverting
commenting out line Lines { lines: 2656..=2667 } in "./tmp2/10/page_organization.rs"
verus failed, reverting
commenting out line Lines { lines: 265..=265 } in "./tmp2/15/commit_mask.rs"
verus failed, reverting
commenting out line Lines { lines: 1026..=1046 } in "./tmp2/13/linked_list.rs"
verus failed, reverting
commenting out line Lines { lines: 346..=346 } in "./tmp2/8/bin_sizes.rs"
verus failed, reverting
commenting out line Lines { lines: 401..=401 } in "./tmp2/27/init.rs"
verus failed, reverting
commenting out line Lines { lines: 401..=401 } in "./tmp2/27/init.rs"
verus failed, reverting
commenting out line Lines { lines: 502..=528 } in "./tmp2/26/queues.rs"
verus failed, reverting
commenting out line Lines { lines: 942..=947 } in "./tmp2/11/os_mem_util.rs"
verus failed, reverting
commenting out line Lines { lines: 2630..=2670 } in "./tmp2/10/page_organization.rs"
verus failed, reverting
commenting out line Lines { lines: 401..=401 } in "./tmp2/27/init.rs"
verus failed, reverting
commenting out line Lines { lines: 292..=292 } in "./tmp2/15/commit_mask.rs"
verus failed, reverting
commenting out line Lines { lines: 402..=402 } in "./tmp2/27/init.rs"
verus failed, reverting
commenting out line Lines { lines: 1205..=1206 } in "./tmp2/13/linked_list.rs"
verus failed, reverting
commenting out line Lines { lines: 347..=347 } in "./tmp2/8/bin_sizes.rs"
verus failed, reverting
commenting out line Lines { lines: 544..=566 } in "./tmp2/26/queues.rs"
verus failed, reverting
commenting out line Lines { lines: 2674..=2674 } in "./tmp2/10/page_organization.rs"
verus failed, reverting
commenting out line Lines { lines: 950..=950 } in "./tmp2/11/os_mem_util.rs"
verus failed, reverting
commenting out line Lines { lines: 323..=323 } in "./tmp2/15/commit_mask.rs"
verus failed, reverting
commenting out line Lines { lines: 1242..=1242 } in "./tmp2/13/linked_list.rs"
verus failed, reverting
commenting out line Lines { lines: 402..=402 } in "./tmp2/27/init.rs"
verus failed, reverting
commenting out line Lines { lines: 348..=348 } in "./tmp2/8/bin_sizes.rs"
verus failed, reverting
commenting out line Lines { lines: 574..=581 } in "./tmp2/26/queues.rs"
verus failed, reverting
commenting out line Lines { lines: 2672..=2676 } in "./tmp2/10/page_organization.rs"
verus failed, reverting
commenting out line Lines { lines: 964..=965 } in "./tmp2/11/os_mem_util.rs"
verus failed, reverting
commenting out line Lines { lines: 345..=345 } in "./tmp2/15/commit_mask.rs"
verus failed, reverting
commenting out line Lines { lines: 1224..=1245 } in "./tmp2/13/linked_list.rs"
verus failed, reverting
commenting out line Lines { lines: 402..=402 } in "./tmp2/27/init.rs"
verus failed, reverting
commenting out line Lines { lines: 349..=349 } in "./tmp2/8/bin_sizes.rs"
verus failed, reverting
commenting out line Lines { lines: 953..=978 } in "./tmp2/11/os_mem_util.rs"
verus failed, reverting
commenting out line Lines { lines: 631..=640 } in "./tmp2/26/queues.rs"
verus failed, reverting
commenting out line Lines { lines: 2678..=2683 } in "./tmp2/10/page_organization.rs"
verus failed, reverting
commenting out line Lines { lines: 367..=367 } in "./tmp2/15/commit_mask.rs"
verus failed, reverting
commenting out line Lines { lines: 1290..=1290 } in "./tmp2/13/linked_list.rs"
verus failed, reverting
commenting out line Lines { lines: 403..=403 } in "./tmp2/27/init.rs"
verus failed, reverting
commenting out line Lines { lines: 350..=350 } in "./tmp2/8/bin_sizes.rs"
verus failed, reverting
commenting out line Lines { lines: 757..=757 } in "./tmp2/26/queues.rs"
verus failed, reverting
commenting out line Lines { lines: 2757..=2757 } in "./tmp2/10/page_organization.rs"
verus failed, reverting
minimization of ./tmp2/11/os_mem_util.rs is completed
verus failed, reverting
commenting out line Lines { lines: 1296..=1296 } in "./tmp2/13/linked_list.rs"
verus failed, reverting
commenting out line Lines { lines: 389..=389 } in "./tmp2/15/commit_mask.rs"
verus failed, reverting
commenting out line Lines { lines: 403..=403 } in "./tmp2/27/init.rs"
verus failed, reverting
commenting out line Lines { lines: 351..=351 } in "./tmp2/8/bin_sizes.rs"
verus failed, reverting
commenting out line Lines { lines: 2783..=2783 } in "./tmp2/10/page_organization.rs"
verus failed, reverting
minimization of ./tmp2/26/queues.rs is completed
verus failed, reverting
commenting out line Lines { lines: 1298..=1298 } in "./tmp2/13/linked_list.rs"
verus failed, reverting
commenting out line Lines { lines: 390..=390 } in "./tmp2/15/commit_mask.rs"
verus failed, reverting
commenting out line Lines { lines: 403..=403 } in "./tmp2/27/init.rs"
verus failed, reverting
commenting out line Lines { lines: 352..=352 } in "./tmp2/8/bin_sizes.rs"
verus failed, reverting
commenting out line Lines { lines: 2814..=2814 } in "./tmp2/10/page_organization.rs"
verus failed, reverting
commenting out line Lines { lines: 393..=393 } in "./tmp2/15/commit_mask.rs"
verus failed, reverting
commenting out line Lines { lines: 1295..=1299 } in "./tmp2/13/linked_list.rs"
verus failed, reverting
commenting out line Lines { lines: 404..=404 } in "./tmp2/27/init.rs"
verus failed, reverting
commenting out line Lines { lines: 353..=353 } in "./tmp2/8/bin_sizes.rs"
verus failed, reverting
commenting out line Lines { lines: 2762..=2821 } in "./tmp2/10/page_organization.rs"
verus failed, reverting
commenting out line Lines { lines: 395..=395 } in "./tmp2/15/commit_mask.rs"
verus failed, reverting
commenting out line Lines { lines: 1311..=1311 } in "./tmp2/13/linked_list.rs"
verus failed, reverting
commenting out line Lines { lines: 404..=404 } in "./tmp2/27/init.rs"
verus failed, reverting
commenting out line Lines { lines: 354..=354 } in "./tmp2/8/bin_sizes.rs"
verus failed, reverting
commenting out line Lines { lines: 2841..=2841 } in "./tmp2/10/page_organization.rs"
verus failed, reverting
commenting out line Lines { lines: 394..=396 } in "./tmp2/15/commit_mask.rs"
verus failed, reverting
commenting out line Lines { lines: 1337..=1337 } in "./tmp2/13/linked_list.rs"
verus failed, reverting
commenting out line Lines { lines: 404..=404 } in "./tmp2/27/init.rs"
verus failed, reverting
commenting out line Lines { lines: 355..=355 } in "./tmp2/8/bin_sizes.rs"
verus failed, reverting
commenting out line Lines { lines: 2824..=2842 } in "./tmp2/10/page_organization.rs"
verus failed, reverting
commenting out line Lines { lines: 399..=399 } in "./tmp2/15/commit_mask.rs"
verus failed, reverting
commenting out line Lines { lines: 1340..=1340 } in "./tmp2/13/linked_list.rs"
verus failed, reverting
commenting out line Lines { lines: 405..=405 } in "./tmp2/27/init.rs"
verus failed, reverting
commenting out line Lines { lines: 356..=356 } in "./tmp2/8/bin_sizes.rs"
verus failed, reverting
commenting out line Lines { lines: 2754..=2845 } in "./tmp2/10/page_organization.rs"
verus failed, reverting
commenting out line Lines { lines: 397..=400 } in "./tmp2/15/commit_mask.rs"
verus failed, reverting
commenting out line Lines { lines: 1386..=1387 } in "./tmp2/13/linked_list.rs"
verus failed, reverting
commenting out line Lines { lines: 405..=405 } in "./tmp2/27/init.rs"
verus failed, reverting
commenting out line Lines { lines: 357..=357 } in "./tmp2/8/bin_sizes.rs"
verus failed, reverting
commenting out line Lines { lines: 2859..=2873 } in "./tmp2/10/page_organization.rs"
verus failed, reverting
commenting out line Lines { lines: 401..=401 } in "./tmp2/15/commit_mask.rs"
verus failed, reverting
commenting out line Lines { lines: 405..=405 } in "./tmp2/27/init.rs"
verus failed, reverting
commenting out line Lines { lines: 1388..=1389 } in "./tmp2/13/linked_list.rs"
verus failed, reverting
commenting out line Lines { lines: 358..=358 } in "./tmp2/8/bin_sizes.rs"
verus failed, reverting
commenting out line Lines { lines: 2978..=2983 } in "./tmp2/10/page_organization.rs"
verus failed, reverting
commenting out line Lines { lines: 417..=417 } in "./tmp2/15/commit_mask.rs"
verus failed, reverting
commenting out line Lines { lines: 406..=406 } in "./tmp2/27/init.rs"
verus failed, reverting
commenting out line Lines { lines: 1401..=1401 } in "./tmp2/13/linked_list.rs"
verus failed, reverting
commenting out line Lines { lines: 359..=359 } in "./tmp2/8/bin_sizes.rs"
verus failed, reverting
commenting out line Lines { lines: 2988..=3002 } in "./tmp2/10/page_organization.rs"
verus failed, reverting
commenting out line Lines { lines: 414..=419 } in "./tmp2/15/commit_mask.rs"
verus failed, reverting
commenting out line Lines { lines: 406..=406 } in "./tmp2/27/init.rs"
verus failed, reverting
commenting out line Lines { lines: 1398..=1404 } in "./tmp2/13/linked_list.rs"
verus failed, reverting
commenting out line Lines { lines: 360..=360 } in "./tmp2/8/bin_sizes.rs"
verus failed, reverting
commenting out line Lines { lines: 3026..=3026 } in "./tmp2/10/page_organization.rs"
verus failed, reverting
commenting out line Lines { lines: 424..=424 } in "./tmp2/15/commit_mask.rs"
verus failed, reverting
commenting out line Lines { lines: 406..=406 } in "./tmp2/27/init.rs"
verus failed, reverting
commenting out line Lines { lines: 1414..=1414 } in "./tmp2/13/linked_list.rs"
verus failed, reverting
commenting out line Lines { lines: 361..=361 } in "./tmp2/8/bin_sizes.rs"
verus failed, reverting
commenting out line Lines { lines: 3052..=3052 } in "./tmp2/10/page_organization.rs"
verus failed, reverting
commenting out line Lines { lines: 429..=429 } in "./tmp2/15/commit_mask.rs"
verus failed, reverting
commenting out line Lines { lines: 1411..=1417 } in "./tmp2/13/linked_list.rs"
verus failed, reverting
commenting out line Lines { lines: 407..=407 } in "./tmp2/27/init.rs"
verus failed, reverting
commenting out line Lines { lines: 362..=362 } in "./tmp2/8/bin_sizes.rs"
verus failed, reverting
commenting out line Lines { lines: 3083..=3083 } in "./tmp2/10/page_organization.rs"
verus failed, reverting
commenting out line Lines { lines: 448..=448 } in "./tmp2/15/commit_mask.rs"
verus failed, reverting
commenting out line Lines { lines: 1460..=1461 } in "./tmp2/13/linked_list.rs"
verus failed, reverting
commenting out line Lines { lines: 407..=407 } in "./tmp2/27/init.rs"
verus failed, reverting
commenting out line Lines { lines: 363..=363 } in "./tmp2/8/bin_sizes.rs"
verus failed, reverting
commenting out line Lines { lines: 3031..=3090 } in "./tmp2/10/page_organization.rs"
verus failed, reverting
commenting out line Lines { lines: 460..=460 } in "./tmp2/15/commit_mask.rs"
verus failed, reverting
commenting out line Lines { lines: 1474..=1474 } in "./tmp2/13/linked_list.rs"
verus failed, reverting
commenting out line Lines { lines: 407..=407 } in "./tmp2/27/init.rs"
verus failed, reverting
commenting out line Lines { lines: 364..=364 } in "./tmp2/8/bin_sizes.rs"
verus failed, reverting
commenting out line Lines { lines: 3110..=3110 } in "./tmp2/10/page_organization.rs"
verus succeeded with time: 112071ms
commenting out line Lines { lines: 483..=483 } in "./tmp2/15/commit_mask.rs"
verus failed, reverting
commenting out line Lines { lines: 1471..=1477 } in "./tmp2/13/linked_list.rs"
verus failed, reverting
commenting out line Lines { lines: 408..=408 } in "./tmp2/27/init.rs"
verus failed, reverting
commenting out line Lines { lines: 365..=365 } in "./tmp2/8/bin_sizes.rs"
verus failed, reverting
commenting out line Lines { lines: 3093..=3111 } in "./tmp2/10/page_organization.rs"
verus failed, reverting
commenting out line Lines { lines: 481..=484 } in "./tmp2/15/commit_mask.rs"
verus failed, reverting
commenting out line Lines { lines: 2115..=2115 } in "./tmp2/13/linked_list.rs"
verus failed, reverting
commenting out line Lines { lines: 408..=408 } in "./tmp2/27/init.rs"
verus failed, reverting
commenting out line Lines { lines: 366..=366 } in "./tmp2/8/bin_sizes.rs"
verus failed, reverting
commenting out line Lines { lines: 3023..=3114 } in "./tmp2/10/page_organization.rs"
verus failed, reverting
commenting out line Lines { lines: 475..=485 } in "./tmp2/15/commit_mask.rs"
verus failed, reverting
commenting out line Lines { lines: 2113..=2116 } in "./tmp2/13/linked_list.rs"
verus failed, reverting
commenting out line Lines { lines: 408..=408 } in "./tmp2/27/init.rs"
verus failed, reverting
commenting out line Lines { lines: 367..=367 } in "./tmp2/8/bin_sizes.rs"
verus failed, reverting
commenting out line Lines { lines: 3164..=3164 } in "./tmp2/10/page_organization.rs"
verus failed, reverting
commenting out line Lines { lines: 497..=497 } in "./tmp2/15/commit_mask.rs"
verus failed, reverting
commenting out line Lines { lines: 2154..=2154 } in "./tmp2/13/linked_list.rs"
verus failed, reverting
commenting out line Lines { lines: 409..=409 } in "./tmp2/27/init.rs"
verus failed, reverting
commenting out line Lines { lines: 368..=368 } in "./tmp2/8/bin_sizes.rs"
verus failed, reverting
commenting out line Lines { lines: 3215..=3215 } in "./tmp2/10/page_organization.rs"
verus failed, reverting
commenting out line Lines { lines: 496..=498 } in "./tmp2/15/commit_mask.rs"
verus failed, reverting
commenting out line Lines { lines: 2170..=2170 } in "./tmp2/13/linked_list.rs"
verus failed, reverting
commenting out line Lines { lines: 409..=409 } in "./tmp2/27/init.rs"
verus failed, reverting
commenting out line Lines { lines: 369..=369 } in "./tmp2/8/bin_sizes.rs"
verus failed, reverting
commenting out line Lines { lines: 3360..=3374 } in "./tmp2/10/page_organization.rs"
verus failed, reverting
commenting out line Lines { lines: 491..=499 } in "./tmp2/15/commit_mask.rs"
verus failed, reverting
commenting out line Lines { lines: 2172..=2172 } in "./tmp2/13/linked_list.rs"
verus failed, reverting
commenting out line Lines { lines: 409..=409 } in "./tmp2/27/init.rs"
verus failed, reverting
commenting out line Lines { lines: 370..=370 } in "./tmp2/8/bin_sizes.rs"
verus failed, reverting
commenting out line Lines { lines: 3403..=3403 } in "./tmp2/10/page_organization.rs"
verus failed, reverting
commenting out line Lines { lines: 515..=515 } in "./tmp2/15/commit_mask.rs"
verus failed, reverting
commenting out line Lines { lines: 2187..=2187 } in "./tmp2/13/linked_list.rs"
verus failed, reverting
commenting out line Lines { lines: 410..=410 } in "./tmp2/27/init.rs"
verus failed, reverting
commenting out line Lines { lines: 371..=371 } in "./tmp2/8/bin_sizes.rs"
verus failed, reverting
commenting out line Lines { lines: 3429..=3429 } in "./tmp2/10/page_organization.rs"
verus failed, reverting
commenting out line Lines { lines: 514..=516 } in "./tmp2/15/commit_mask.rs"
verus failed, reverting
commenting out line Lines { lines: 2204..=2205 } in "./tmp2/13/linked_list.rs"
verus failed, reverting
commenting out line Lines { lines: 410..=410 } in "./tmp2/27/init.rs"
verus failed, reverting
commenting out line Lines { lines: 372..=372 } in "./tmp2/8/bin_sizes.rs"
verus failed, reverting
commenting out line Lines { lines: 3460..=3460 } in "./tmp2/10/page_organization.rs"
verus failed, reverting
commenting out line Lines { lines: 509..=517 } in "./tmp2/15/commit_mask.rs"
verus failed, reverting
minimization of ./tmp2/13/linked_list.rs is completed
verus failed, reverting
commenting out line Lines { lines: 410..=410 } in "./tmp2/27/init.rs"
verus failed, reverting
commenting out line Lines { lines: 373..=373 } in "./tmp2/8/bin_sizes.rs"
verus failed, reverting
commenting out line Lines { lines: 3408..=3467 } in "./tmp2/10/page_organization.rs"
verus failed, reverting
commenting out line Lines { lines: 532..=532 } in "./tmp2/15/commit_mask.rs"
verus failed, reverting
commenting out line Lines { lines: 411..=411 } in "./tmp2/27/init.rs"
verus failed, reverting
commenting out line Lines { lines: 374..=374 } in "./tmp2/8/bin_sizes.rs"
verus failed, reverting
commenting out line Lines { lines: 3487..=3487 } in "./tmp2/10/page_organization.rs"
verus failed, reverting
commenting out line Lines { lines: 531..=533 } in "./tmp2/15/commit_mask.rs"
verus failed, reverting
commenting out line Lines { lines: 411..=411 } in "./tmp2/27/init.rs"
verus failed, reverting
commenting out line Lines { lines: 375..=375 } in "./tmp2/8/bin_sizes.rs"
verus failed, reverting
commenting out line Lines { lines: 3470..=3488 } in "./tmp2/10/page_organization.rs"
verus failed, reverting
commenting out line Lines { lines: 526..=534 } in "./tmp2/15/commit_mask.rs"
verus failed, reverting
commenting out line Lines { lines: 411..=411 } in "./tmp2/27/init.rs"
verus failed, reverting
commenting out line Lines { lines: 376..=376 } in "./tmp2/8/bin_sizes.rs"
verus failed, reverting
commenting out line Lines { lines: 3400..=3491 } in "./tmp2/10/page_organization.rs"
verus failed, reverting
commenting out line Lines { lines: 539..=539 } in "./tmp2/15/commit_mask.rs"
verus failed, reverting
commenting out line Lines { lines: 412..=412 } in "./tmp2/27/init.rs"
verus failed, reverting
commenting out line Lines { lines: 377..=377 } in "./tmp2/8/bin_sizes.rs"
verus failed, reverting
commenting out line Lines { lines: 3525..=3527 } in "./tmp2/10/page_organization.rs"
verus failed, reverting
commenting out line Lines { lines: 557..=557 } in "./tmp2/15/commit_mask.rs"
verus failed, reverting
commenting out line Lines { lines: 412..=412 } in "./tmp2/27/init.rs"
verus failed, reverting
commenting out line Lines { lines: 437..=440 } in "./tmp2/8/bin_sizes.rs"
verus failed, reverting
commenting out line Lines { lines: 3529..=3536 } in "./tmp2/10/page_organization.rs"
verus failed, reverting
commenting out line Lines { lines: 579..=579 } in "./tmp2/15/commit_mask.rs"
verus failed, reverting
commenting out line Lines { lines: 412..=412 } in "./tmp2/27/init.rs"
verus failed, reverting
commenting out line Lines { lines: 472..=472 } in "./tmp2/8/bin_sizes.rs"
verus failed, reverting
commenting out line Lines { lines: 3545..=3547 } in "./tmp2/10/page_organization.rs"
verus failed, reverting
commenting out line Lines { lines: 578..=580 } in "./tmp2/15/commit_mask.rs"
verus failed, reverting
commenting out line Lines { lines: 413..=413 } in "./tmp2/27/init.rs"
verus failed, reverting
commenting out line Lines { lines: 475..=475 } in "./tmp2/8/bin_sizes.rs"
verus failed, reverting
commenting out line Lines { lines: 3555..=3555 } in "./tmp2/10/page_organization.rs"
verus failed, reverting
commenting out line Lines { lines: 582..=582 } in "./tmp2/15/commit_mask.rs"
verus failed, reverting
commenting out line Lines { lines: 413..=413 } in "./tmp2/27/init.rs"
verus failed, reverting
commenting out line Lines { lines: 570..=570 } in "./tmp2/8/bin_sizes.rs"
verus failed, reverting
commenting out line Lines { lines: 3553..=3556 } in "./tmp2/10/page_organization.rs"
verus failed, reverting
commenting out line Lines { lines: 629..=630 } in "./tmp2/15/commit_mask.rs"
verus failed, reverting
commenting out line Lines { lines: 413..=413 } in "./tmp2/27/init.rs"
verus succeeded with time: 104076ms
commenting out line Lines { lines: 571..=574 } in "./tmp2/8/bin_sizes.rs"
verus failed, reverting
commenting out line Lines { lines: 3549..=3557 } in "./tmp2/10/page_organization.rs"
verus failed, reverting
commenting out line Lines { lines: 631..=631 } in "./tmp2/15/commit_mask.rs"
verus failed, reverting
commenting out line Lines { lines: 414..=414 } in "./tmp2/27/init.rs"
verus failed, reverting
commenting out line Lines { lines: 581..=581 } in "./tmp2/8/bin_sizes.rs"
verus failed, reverting
commenting out line Lines { lines: 3584..=3584 } in "./tmp2/10/page_organization.rs"
verus failed, reverting
commenting out line Lines { lines: 632..=632 } in "./tmp2/15/commit_mask.rs"
verus failed, reverting
commenting out line Lines { lines: 414..=414 } in "./tmp2/27/init.rs"
verus failed, reverting
commenting out line Lines { lines: 575..=583 } in "./tmp2/8/bin_sizes.rs"
verus failed, reverting
commenting out line Lines { lines: 3576..=3593 } in "./tmp2/10/page_organization.rs"
verus failed, reverting
commenting out line Lines { lines: 636..=636 } in "./tmp2/15/commit_mask.rs"
verus failed, reverting
commenting out line Lines { lines: 414..=414 } in "./tmp2/27/init.rs"
verus failed, reverting
commenting out line Lines { lines: 584..=586 } in "./tmp2/8/bin_sizes.rs"
verus failed, reverting
commenting out line Lines { lines: 3606..=3606 } in "./tmp2/10/page_organization.rs"
verus failed, reverting
commenting out line Lines { lines: 676..=676 } in "./tmp2/15/commit_mask.rs"
verus failed, reverting
commenting out line Lines { lines: 415..=415 } in "./tmp2/27/init.rs"
verus failed, reverting
commenting out line Lines { lines: 587..=589 } in "./tmp2/8/bin_sizes.rs"
verus failed, reverting
commenting out line Lines { lines: 3596..=3607 } in "./tmp2/10/page_organization.rs"
verus failed, reverting
commenting out line Lines { lines: 678..=678 } in "./tmp2/15/commit_mask.rs"
verus failed, reverting
commenting out line Lines { lines: 598..=598 } in "./tmp2/8/bin_sizes.rs"
verus failed, reverting
commenting out line Lines { lines: 3570..=3610 } in "./tmp2/10/page_organization.rs"
verus failed, reverting
commenting out line Lines { lines: 679..=679 } in "./tmp2/15/commit_mask.rs"
verus failed, reverting
commenting out line Lines { lines: 601..=602 } in "./tmp2/8/bin_sizes.rs"
verus failed, reverting
commenting out line Lines { lines: 3614..=3618 } in "./tmp2/10/page_organization.rs"
verus failed, reverting
commenting out line Lines { lines: 685..=685 } in "./tmp2/15/commit_mask.rs"
verus failed, reverting
commenting out line Lines { lines: 607..=610 } in "./tmp2/8/bin_sizes.rs"
verus failed, reverting
commenting out line Lines { lines: 3622..=3622 } in "./tmp2/10/page_organization.rs"
verus failed, reverting
commenting out line Lines { lines: 696..=696 } in "./tmp2/15/commit_mask.rs"
verus failed, reverting
commenting out line Lines { lines: 639..=639 } in "./tmp2/8/bin_sizes.rs"
verus failed, reverting
commenting out line Lines { lines: 3620..=3624 } in "./tmp2/10/page_organization.rs"
verus failed, reverting
commenting out line Lines { lines: 707..=707 } in "./tmp2/15/commit_mask.rs"
verus failed, reverting
commenting out line Lines { lines: 643..=643 } in "./tmp2/8/bin_sizes.rs"
verus failed, reverting
commenting out line Lines { lines: 3676..=3678 } in "./tmp2/10/page_organization.rs"
verus failed, reverting
commenting out line Lines { lines: 705..=708 } in "./tmp2/15/commit_mask.rs"
verus failed, reverting
commenting out line Lines { lines: 667..=667 } in "./tmp2/8/bin_sizes.rs"
verus failed, reverting
commenting out line Lines { lines: 3685..=3687 } in "./tmp2/10/page_organization.rs"
verus failed, reverting
commenting out line Lines { lines: 726..=726 } in "./tmp2/15/commit_mask.rs"
verus failed, reverting
commenting out line Lines { lines: 743..=746 } in "./tmp2/8/bin_sizes.rs"
verus failed, reverting
commenting out line Lines { lines: 3715..=3715 } in "./tmp2/10/page_organization.rs"
verus failed, reverting
commenting out line Lines { lines: 735..=735 } in "./tmp2/15/commit_mask.rs"
verus failed, reverting
commenting out line Lines { lines: 769..=769 } in "./tmp2/8/bin_sizes.rs"
verus failed, reverting
commenting out line Lines { lines: 3765..=3765 } in "./tmp2/10/page_organization.rs"
verus failed, reverting
commenting out line Lines { lines: 753..=753 } in "./tmp2/15/commit_mask.rs"
verus failed, reverting
commenting out line Lines { lines: 772..=772 } in "./tmp2/8/bin_sizes.rs"
verus failed, reverting
commenting out line Lines { lines: 3875..=3875 } in "./tmp2/10/page_organization.rs"
verus failed, reverting
commenting out line Lines { lines: 773..=773 } in "./tmp2/15/commit_mask.rs"
verus failed, reverting
commenting out line Lines { lines: 868..=868 } in "./tmp2/8/bin_sizes.rs"
verus failed, reverting
commenting out line Lines { lines: 3884..=3884 } in "./tmp2/10/page_organization.rs"
verus failed, reverting
commenting out line Lines { lines: 764..=774 } in "./tmp2/15/commit_mask.rs"
verus failed, reverting
commenting out line Lines { lines: 871..=871 } in "./tmp2/8/bin_sizes.rs"
verus failed, reverting
commenting out line Lines { lines: 3918..=3918 } in "./tmp2/10/page_organization.rs"
verus failed, reverting
commenting out line Lines { lines: 775..=775 } in "./tmp2/15/commit_mask.rs"
verus failed, reverting
commenting out line Lines { lines: 912..=912 } in "./tmp2/8/bin_sizes.rs"
verus failed, reverting
commenting out line Lines { lines: 3919..=3919 } in "./tmp2/10/page_organization.rs"
verus failed, reverting
minimization of ./tmp2/15/commit_mask.rs is completed
verus failed, reverting
commenting out line Lines { lines: 915..=915 } in "./tmp2/8/bin_sizes.rs"
verus failed, reverting
commenting out line Lines { lines: 4350..=4354 } in "./tmp2/10/page_organization.rs"
verus failed, reverting
commenting out line Lines { lines: 4364..=4368 } in "./tmp2/10/page_organization.rs"
verus failed, reverting
commenting out line Lines { lines: 917..=917 } in "./tmp2/8/bin_sizes.rs"
verus failed, reverting
commenting out line Lines { lines: 4508..=4509 } in "./tmp2/10/page_organization.rs"
verus failed, reverting
commenting out line Lines { lines: 936..=936 } in "./tmp2/8/bin_sizes.rs"
verus failed, reverting
commenting out line Lines { lines: 4538..=4572 } in "./tmp2/10/page_organization.rs"
verus failed, reverting
commenting out line Lines { lines: 929..=940 } in "./tmp2/8/bin_sizes.rs"
verus failed, reverting
commenting out line Lines { lines: 4622..=4642 } in "./tmp2/10/page_organization.rs"
verus failed, reverting
commenting out line Lines { lines: 1028..=1028 } in "./tmp2/8/bin_sizes.rs"
verus failed, reverting
commenting out line Lines { lines: 4787..=4787 } in "./tmp2/10/page_organization.rs"
verus failed, reverting
commenting out line Lines { lines: 1029..=1029 } in "./tmp2/8/bin_sizes.rs"
verus failed, reverting
commenting out line Lines { lines: 4785..=4788 } in "./tmp2/10/page_organization.rs"
verus failed, reverting
commenting out line Lines { lines: 1030..=1030 } in "./tmp2/8/bin_sizes.rs"
verus failed, reverting
commenting out line Lines { lines: 4781..=4789 } in "./tmp2/10/page_organization.rs"
verus failed, reverting
commenting out line Lines { lines: 1031..=1031 } in "./tmp2/8/bin_sizes.rs"
verus failed, reverting
commenting out line Lines { lines: 4810..=4810 } in "./tmp2/10/page_organization.rs"
verus failed, reverting
commenting out line Lines { lines: 1032..=1032 } in "./tmp2/8/bin_sizes.rs"
verus failed, reverting
commenting out line Lines { lines: 4808..=4811 } in "./tmp2/10/page_organization.rs"
verus failed, reverting
commenting out line Lines { lines: 1033..=1033 } in "./tmp2/8/bin_sizes.rs"
verus failed, reverting
commenting out line Lines { lines: 4804..=4812 } in "./tmp2/10/page_organization.rs"
verus failed, reverting
commenting out line Lines { lines: 1034..=1034 } in "./tmp2/8/bin_sizes.rs"
verus failed, reverting
commenting out line Lines { lines: 4927..=4927 } in "./tmp2/10/page_organization.rs"
verus failed, reverting
commenting out line Lines { lines: 1035..=1035 } in "./tmp2/8/bin_sizes.rs"
verus failed, reverting
commenting out line Lines { lines: 4928..=4928 } in "./tmp2/10/page_organization.rs"
verus failed, reverting
commenting out line Lines { lines: 1036..=1036 } in "./tmp2/8/bin_sizes.rs"
verus failed, reverting
commenting out line Lines { lines: 4957..=4957 } in "./tmp2/10/page_organization.rs"
verus failed, reverting
commenting out line Lines { lines: 1037..=1037 } in "./tmp2/8/bin_sizes.rs"
verus failed, reverting
commenting out line Lines { lines: 4958..=4958 } in "./tmp2/10/page_organization.rs"
verus failed, reverting
commenting out line Lines { lines: 1038..=1038 } in "./tmp2/8/bin_sizes.rs"
verus failed, reverting
commenting out line Lines { lines: 4979..=4979 } in "./tmp2/10/page_organization.rs"
verus failed, reverting
commenting out line Lines { lines: 1039..=1039 } in "./tmp2/8/bin_sizes.rs"
verus failed, reverting
commenting out line Lines { lines: 4975..=4980 } in "./tmp2/10/page_organization.rs"
verus failed, reverting
commenting out line Lines { lines: 1040..=1040 } in "./tmp2/8/bin_sizes.rs"
verus failed, reverting
commenting out line Lines { lines: 4996..=4996 } in "./tmp2/10/page_organization.rs"
verus failed, reverting
commenting out line Lines { lines: 415..=415 } in "./tmp2/27/init.rs"
verus failed, reverting
commenting out line Lines { lines: 1041..=1041 } in "./tmp2/8/bin_sizes.rs"
verus failed, reverting
commenting out line Lines { lines: 4998..=4998 } in "./tmp2/10/page_organization.rs"
verus failed, reverting
commenting out line Lines { lines: 1042..=1042 } in "./tmp2/8/bin_sizes.rs"
verus failed, reverting
commenting out line Lines { lines: 4991..=5000 } in "./tmp2/10/page_organization.rs"
verus failed, reverting
commenting out line Lines { lines: 1043..=1043 } in "./tmp2/8/bin_sizes.rs"
verus failed, reverting
commenting out line Lines { lines: 5039..=5039 } in "./tmp2/10/page_organization.rs"
verus failed, reverting
commenting out line Lines { lines: 1079..=1079 } in "./tmp2/8/bin_sizes.rs"
verus failed, reverting
commenting out line Lines { lines: 5041..=5041 } in "./tmp2/10/page_organization.rs"
verus failed, reverting
commenting out line Lines { lines: 1108..=1108 } in "./tmp2/8/bin_sizes.rs"
verus failed, reverting
commenting out line Lines { lines: 5034..=5043 } in "./tmp2/10/page_organization.rs"
verus failed, reverting
commenting out line Lines { lines: 1109..=1109 } in "./tmp2/8/bin_sizes.rs"
verus failed, reverting
minimization of ./tmp2/10/page_organization.rs is completed
verus failed, reverting
commenting out line Lines { lines: 1107..=1111 } in "./tmp2/8/bin_sizes.rs"
verus failed, reverting
commenting out line Lines { lines: 1141..=1141 } in "./tmp2/8/bin_sizes.rs"
verus failed, reverting
commenting out line Lines { lines: 1142..=1147 } in "./tmp2/8/bin_sizes.rs"
verus failed, reverting
commenting out line Lines { lines: 1148..=1150 } in "./tmp2/8/bin_sizes.rs"
verus failed, reverting
commenting out line Lines { lines: 1151..=1151 } in "./tmp2/8/bin_sizes.rs"
verus failed, reverting
commenting out line Lines { lines: 1139..=1153 } in "./tmp2/8/bin_sizes.rs"
verus succeeded with time: 86869ms
commenting out line Lines { lines: 1163..=1163 } in "./tmp2/8/bin_sizes.rs"
verus failed, reverting
commenting out line Lines { lines: 1168..=1168 } in "./tmp2/8/bin_sizes.rs"
verus failed, reverting
commenting out line Lines { lines: 1246..=1246 } in "./tmp2/8/bin_sizes.rs"
verus failed, reverting
commenting out line Lines { lines: 1247..=1247 } in "./tmp2/8/bin_sizes.rs"
verus failed, reverting
commenting out line Lines { lines: 1249..=1249 } in "./tmp2/8/bin_sizes.rs"
verus failed, reverting
commenting out line Lines { lines: 1330..=1330 } in "./tmp2/8/bin_sizes.rs"
verus failed, reverting
commenting out line Lines { lines: 1335..=1335 } in "./tmp2/8/bin_sizes.rs"
verus failed, reverting
commenting out line Lines { lines: 1337..=1337 } in "./tmp2/8/bin_sizes.rs"
verus failed, reverting
commenting out line Lines { lines: 1343..=1343 } in "./tmp2/8/bin_sizes.rs"
verus failed, reverting
commenting out line Lines { lines: 1345..=1345 } in "./tmp2/8/bin_sizes.rs"
verus failed, reverting
minimization of ./tmp2/8/bin_sizes.rs is completed
verus failed, reverting
commenting out line Lines { lines: 415..=415 } in "./tmp2/27/init.rs"
verus failed, reverting
commenting out line Lines { lines: 416..=416 } in "./tmp2/27/init.rs"
verus failed, reverting
commenting out line Lines { lines: 416..=416 } in "./tmp2/27/init.rs"
verus failed, reverting
commenting out line Lines { lines: 416..=416 } in "./tmp2/27/init.rs"
verus failed, reverting
commenting out line Lines { lines: 417..=417 } in "./tmp2/27/init.rs"
verus failed, reverting
commenting out line Lines { lines: 417..=417 } in "./tmp2/27/init.rs"
verus failed, reverting
commenting out line Lines { lines: 417..=417 } in "./tmp2/27/init.rs"
verus failed, reverting
commenting out line Lines { lines: 418..=418 } in "./tmp2/27/init.rs"
verus failed, reverting
commenting out line Lines { lines: 418..=418 } in "./tmp2/27/init.rs"
verus failed, reverting
commenting out line Lines { lines: 418..=418 } in "./tmp2/27/init.rs"
verus failed, reverting
commenting out line Lines { lines: 419..=419 } in "./tmp2/27/init.rs"
verus failed, reverting
commenting out line Lines { lines: 419..=419 } in "./tmp2/27/init.rs"
verus failed, reverting
commenting out line Lines { lines: 419..=419 } in "./tmp2/27/init.rs"
verus failed, reverting
commenting out line Lines { lines: 420..=420 } in "./tmp2/27/init.rs"
verus failed, reverting
commenting out line Lines { lines: 420..=420 } in "./tmp2/27/init.rs"
verus failed, reverting
commenting out line Lines { lines: 420..=420 } in "./tmp2/27/init.rs"
verus failed, reverting
commenting out line Lines { lines: 421..=421 } in "./tmp2/27/init.rs"
verus failed, reverting
commenting out line Lines { lines: 421..=421 } in "./tmp2/27/init.rs"
verus failed, reverting
commenting out line Lines { lines: 421..=421 } in "./tmp2/27/init.rs"
verus failed, reverting
commenting out line Lines { lines: 422..=422 } in "./tmp2/27/init.rs"
verus failed, reverting
commenting out line Lines { lines: 422..=422 } in "./tmp2/27/init.rs"
verus failed, reverting
commenting out line Lines { lines: 422..=422 } in "./tmp2/27/init.rs"
verus failed, reverting
commenting out line Lines { lines: 423..=423 } in "./tmp2/27/init.rs"
verus failed, reverting
commenting out line Lines { lines: 423..=423 } in "./tmp2/27/init.rs"
verus failed, reverting
commenting out line Lines { lines: 423..=423 } in "./tmp2/27/init.rs"
verus failed, reverting
commenting out line Lines { lines: 424..=424 } in "./tmp2/27/init.rs"
verus failed, reverting
commenting out line Lines { lines: 424..=424 } in "./tmp2/27/init.rs"
verus failed, reverting
commenting out line Lines { lines: 424..=424 } in "./tmp2/27/init.rs"
verus failed, reverting
commenting out line Lines { lines: 425..=425 } in "./tmp2/27/init.rs"
verus failed, reverting
commenting out line Lines { lines: 425..=425 } in "./tmp2/27/init.rs"
verus failed, reverting
commenting out line Lines { lines: 425..=425 } in "./tmp2/27/init.rs"
verus failed, reverting
commenting out line Lines { lines: 426..=426 } in "./tmp2/27/init.rs"
verus failed, reverting
commenting out line Lines { lines: 426..=426 } in "./tmp2/27/init.rs"
verus failed, reverting
commenting out line Lines { lines: 426..=426 } in "./tmp2/27/init.rs"
verus failed, reverting
commenting out line Lines { lines: 427..=427 } in "./tmp2/27/init.rs"
verus failed, reverting
commenting out line Lines { lines: 427..=427 } in "./tmp2/27/init.rs"
verus failed, reverting
commenting out line Lines { lines: 427..=427 } in "./tmp2/27/init.rs"
verus failed, reverting
commenting out line Lines { lines: 428..=428 } in "./tmp2/27/init.rs"
verus failed, reverting
commenting out line Lines { lines: 428..=428 } in "./tmp2/27/init.rs"
verus failed, reverting
commenting out line Lines { lines: 428..=428 } in "./tmp2/27/init.rs"
verus failed, reverting
commenting out line Lines { lines: 429..=429 } in "./tmp2/27/init.rs"
verus failed, reverting
commenting out line Lines { lines: 429..=429 } in "./tmp2/27/init.rs"
verus failed, reverting
commenting out line Lines { lines: 429..=429 } in "./tmp2/27/init.rs"
verus failed, reverting
commenting out line Lines { lines: 430..=430 } in "./tmp2/27/init.rs"
verus failed, reverting
commenting out line Lines { lines: 430..=430 } in "./tmp2/27/init.rs"
verus failed, reverting
commenting out line Lines { lines: 430..=430 } in "./tmp2/27/init.rs"
verus failed, reverting
commenting out line Lines { lines: 431..=431 } in "./tmp2/27/init.rs"
verus failed, reverting
commenting out line Lines { lines: 431..=431 } in "./tmp2/27/init.rs"
verus failed, reverting
commenting out line Lines { lines: 431..=431 } in "./tmp2/27/init.rs"
verus failed, reverting
commenting out line Lines { lines: 432..=432 } in "./tmp2/27/init.rs"
verus failed, reverting
commenting out line Lines { lines: 432..=432 } in "./tmp2/27/init.rs"
verus failed, reverting
commenting out line Lines { lines: 432..=432 } in "./tmp2/27/init.rs"
verus failed, reverting
commenting out line Lines { lines: 433..=433 } in "./tmp2/27/init.rs"
verus failed, reverting
commenting out line Lines { lines: 433..=433 } in "./tmp2/27/init.rs"
verus failed, reverting
commenting out line Lines { lines: 433..=433 } in "./tmp2/27/init.rs"
verus failed, reverting
commenting out line Lines { lines: 434..=434 } in "./tmp2/27/init.rs"
verus failed, reverting
commenting out line Lines { lines: 434..=434 } in "./tmp2/27/init.rs"
verus failed, reverting
commenting out line Lines { lines: 434..=434 } in "./tmp2/27/init.rs"
verus failed, reverting
commenting out line Lines { lines: 435..=435 } in "./tmp2/27/init.rs"
verus failed, reverting
commenting out line Lines { lines: 435..=435 } in "./tmp2/27/init.rs"
verus failed, reverting
commenting out line Lines { lines: 435..=435 } in "./tmp2/27/init.rs"
verus failed, reverting
commenting out line Lines { lines: 436..=436 } in "./tmp2/27/init.rs"
verus failed, reverting
commenting out line Lines { lines: 436..=436 } in "./tmp2/27/init.rs"
verus failed, reverting
commenting out line Lines { lines: 436..=436 } in "./tmp2/27/init.rs"
verus failed, reverting
commenting out line Lines { lines: 437..=437 } in "./tmp2/27/init.rs"
verus failed, reverting
commenting out line Lines { lines: 437..=437 } in "./tmp2/27/init.rs"
verus failed, reverting
commenting out line Lines { lines: 437..=437 } in "./tmp2/27/init.rs"
verus failed, reverting
commenting out line Lines { lines: 438..=438 } in "./tmp2/27/init.rs"
verus failed, reverting
commenting out line Lines { lines: 438..=438 } in "./tmp2/27/init.rs"
verus failed, reverting
commenting out line Lines { lines: 438..=438 } in "./tmp2/27/init.rs"
verus failed, reverting
commenting out line Lines { lines: 439..=439 } in "./tmp2/27/init.rs"
verus failed, reverting
commenting out line Lines { lines: 439..=439 } in "./tmp2/27/init.rs"
verus failed, reverting
commenting out line Lines { lines: 439..=439 } in "./tmp2/27/init.rs"
verus failed, reverting
commenting out line Lines { lines: 440..=440 } in "./tmp2/27/init.rs"
verus failed, reverting
commenting out line Lines { lines: 440..=440 } in "./tmp2/27/init.rs"
verus failed, reverting
commenting out line Lines { lines: 440..=440 } in "./tmp2/27/init.rs"
verus failed, reverting
commenting out line Lines { lines: 441..=441 } in "./tmp2/27/init.rs"
verus failed, reverting
commenting out line Lines { lines: 441..=441 } in "./tmp2/27/init.rs"
verus failed, reverting
commenting out line Lines { lines: 441..=441 } in "./tmp2/27/init.rs"
verus failed, reverting
commenting out line Lines { lines: 442..=442 } in "./tmp2/27/init.rs"
verus failed, reverting
commenting out line Lines { lines: 442..=442 } in "./tmp2/27/init.rs"
verus failed, reverting
commenting out line Lines { lines: 442..=442 } in "./tmp2/27/init.rs"
verus failed, reverting
commenting out line Lines { lines: 443..=443 } in "./tmp2/27/init.rs"
verus failed, reverting
commenting out line Lines { lines: 443..=443 } in "./tmp2/27/init.rs"
verus failed, reverting
commenting out line Lines { lines: 443..=443 } in "./tmp2/27/init.rs"
verus failed, reverting
commenting out line Lines { lines: 444..=444 } in "./tmp2/27/init.rs"
verus failed, reverting
commenting out line Lines { lines: 444..=444 } in "./tmp2/27/init.rs"
verus failed, reverting
commenting out line Lines { lines: 444..=444 } in "./tmp2/27/init.rs"
verus failed, reverting
commenting out line Lines { lines: 445..=445 } in "./tmp2/27/init.rs"
verus failed, reverting
commenting out line Lines { lines: 445..=445 } in "./tmp2/27/init.rs"
verus failed, reverting
commenting out line Lines { lines: 445..=445 } in "./tmp2/27/init.rs"
verus failed, reverting
commenting out line Lines { lines: 446..=446 } in "./tmp2/27/init.rs"
verus failed, reverting
commenting out line Lines { lines: 446..=446 } in "./tmp2/27/init.rs"
verus failed, reverting
commenting out line Lines { lines: 446..=446 } in "./tmp2/27/init.rs"
verus failed, reverting
commenting out line Lines { lines: 447..=447 } in "./tmp2/27/init.rs"
verus failed, reverting
commenting out line Lines { lines: 447..=447 } in "./tmp2/27/init.rs"
verus failed, reverting
commenting out line Lines { lines: 447..=447 } in "./tmp2/27/init.rs"
verus failed, reverting
commenting out line Lines { lines: 448..=448 } in "./tmp2/27/init.rs"
verus failed, reverting
commenting out line Lines { lines: 448..=448 } in "./tmp2/27/init.rs"
verus failed, reverting
commenting out line Lines { lines: 448..=448 } in "./tmp2/27/init.rs"
verus failed, reverting
commenting out line Lines { lines: 449..=449 } in "./tmp2/27/init.rs"
verus failed, reverting
commenting out line Lines { lines: 449..=449 } in "./tmp2/27/init.rs"
verus failed, reverting
commenting out line Lines { lines: 449..=449 } in "./tmp2/27/init.rs"
verus failed, reverting
commenting out line Lines { lines: 450..=450 } in "./tmp2/27/init.rs"
verus failed, reverting
commenting out line Lines { lines: 450..=450 } in "./tmp2/27/init.rs"
verus failed, reverting
commenting out line Lines { lines: 450..=450 } in "./tmp2/27/init.rs"
verus failed, reverting
commenting out line Lines { lines: 451..=451 } in "./tmp2/27/init.rs"
verus failed, reverting
commenting out line Lines { lines: 451..=451 } in "./tmp2/27/init.rs"
verus failed, reverting
commenting out line Lines { lines: 451..=451 } in "./tmp2/27/init.rs"
verus failed, reverting
commenting out line Lines { lines: 452..=452 } in "./tmp2/27/init.rs"
verus failed, reverting
commenting out line Lines { lines: 452..=452 } in "./tmp2/27/init.rs"
verus failed, reverting
commenting out line Lines { lines: 452..=452 } in "./tmp2/27/init.rs"
verus failed, reverting
commenting out line Lines { lines: 453..=453 } in "./tmp2/27/init.rs"
verus failed, reverting
commenting out line Lines { lines: 453..=453 } in "./tmp2/27/init.rs"
verus failed, reverting
commenting out line Lines { lines: 453..=453 } in "./tmp2/27/init.rs"
verus failed, reverting
commenting out line Lines { lines: 454..=454 } in "./tmp2/27/init.rs"
verus failed, reverting
commenting out line Lines { lines: 454..=454 } in "./tmp2/27/init.rs"
verus failed, reverting
commenting out line Lines { lines: 454..=454 } in "./tmp2/27/init.rs"
verus failed, reverting
commenting out line Lines { lines: 455..=455 } in "./tmp2/27/init.rs"
verus failed, reverting
commenting out line Lines { lines: 455..=455 } in "./tmp2/27/init.rs"
verus failed, reverting
commenting out line Lines { lines: 455..=455 } in "./tmp2/27/init.rs"
verus failed, reverting
commenting out line Lines { lines: 456..=456 } in "./tmp2/27/init.rs"
verus failed, reverting
commenting out line Lines { lines: 456..=456 } in "./tmp2/27/init.rs"
verus failed, reverting
commenting out line Lines { lines: 456..=456 } in "./tmp2/27/init.rs"
verus failed, reverting
commenting out line Lines { lines: 457..=457 } in "./tmp2/27/init.rs"
verus failed, reverting
commenting out line Lines { lines: 457..=457 } in "./tmp2/27/init.rs"
verus failed, reverting
commenting out line Lines { lines: 457..=457 } in "./tmp2/27/init.rs"
verus failed, reverting
commenting out line Lines { lines: 458..=458 } in "./tmp2/27/init.rs"
verus failed, reverting
commenting out line Lines { lines: 458..=458 } in "./tmp2/27/init.rs"
verus failed, reverting
commenting out line Lines { lines: 458..=458 } in "./tmp2/27/init.rs"
verus failed, reverting
commenting out line Lines { lines: 459..=459 } in "./tmp2/27/init.rs"
verus failed, reverting
commenting out line Lines { lines: 459..=459 } in "./tmp2/27/init.rs"
verus failed, reverting
commenting out line Lines { lines: 459..=459 } in "./tmp2/27/init.rs"
verus failed, reverting
commenting out line Lines { lines: 460..=460 } in "./tmp2/27/init.rs"
verus failed, reverting
commenting out line Lines { lines: 460..=460 } in "./tmp2/27/init.rs"
verus failed, reverting
commenting out line Lines { lines: 460..=460 } in "./tmp2/27/init.rs"
verus failed, reverting
commenting out line Lines { lines: 461..=461 } in "./tmp2/27/init.rs"
verus failed, reverting
commenting out line Lines { lines: 461..=461 } in "./tmp2/27/init.rs"
verus failed, reverting
commenting out line Lines { lines: 461..=461 } in "./tmp2/27/init.rs"
verus failed, reverting
commenting out line Lines { lines: 462..=462 } in "./tmp2/27/init.rs"
verus failed, reverting
commenting out line Lines { lines: 462..=462 } in "./tmp2/27/init.rs"
verus failed, reverting
commenting out line Lines { lines: 462..=462 } in "./tmp2/27/init.rs"
verus failed, reverting
commenting out line Lines { lines: 463..=463 } in "./tmp2/27/init.rs"
verus failed, reverting
commenting out line Lines { lines: 463..=463 } in "./tmp2/27/init.rs"
verus failed, reverting
commenting out line Lines { lines: 463..=463 } in "./tmp2/27/init.rs"
verus failed, reverting
commenting out line Lines { lines: 464..=464 } in "./tmp2/27/init.rs"
verus failed, reverting
commenting out line Lines { lines: 464..=464 } in "./tmp2/27/init.rs"
verus failed, reverting
commenting out line Lines { lines: 464..=464 } in "./tmp2/27/init.rs"
verus failed, reverting
commenting out line Lines { lines: 465..=465 } in "./tmp2/27/init.rs"
verus failed, reverting
commenting out line Lines { lines: 465..=465 } in "./tmp2/27/init.rs"
verus failed, reverting
commenting out line Lines { lines: 465..=465 } in "./tmp2/27/init.rs"
verus failed, reverting
commenting out line Lines { lines: 466..=466 } in "./tmp2/27/init.rs"
verus failed, reverting
commenting out line Lines { lines: 466..=466 } in "./tmp2/27/init.rs"
verus failed, reverting
commenting out line Lines { lines: 466..=466 } in "./tmp2/27/init.rs"
verus failed, reverting
commenting out line Lines { lines: 467..=467 } in "./tmp2/27/init.rs"
verus failed, reverting
commenting out line Lines { lines: 467..=467 } in "./tmp2/27/init.rs"
verus failed, reverting
commenting out line Lines { lines: 467..=467 } in "./tmp2/27/init.rs"
verus failed, reverting
commenting out line Lines { lines: 468..=468 } in "./tmp2/27/init.rs"
verus failed, reverting
commenting out line Lines { lines: 468..=468 } in "./tmp2/27/init.rs"
verus failed, reverting
commenting out line Lines { lines: 468..=468 } in "./tmp2/27/init.rs"
verus failed, reverting
commenting out line Lines { lines: 469..=469 } in "./tmp2/27/init.rs"
verus failed, reverting
commenting out line Lines { lines: 469..=469 } in "./tmp2/27/init.rs"
verus failed, reverting
commenting out line Lines { lines: 469..=469 } in "./tmp2/27/init.rs"
verus failed, reverting
commenting out line Lines { lines: 470..=470 } in "./tmp2/27/init.rs"
verus failed, reverting
commenting out line Lines { lines: 470..=470 } in "./tmp2/27/init.rs"
verus failed, reverting
commenting out line Lines { lines: 470..=470 } in "./tmp2/27/init.rs"
verus failed, reverting
commenting out line Lines { lines: 471..=471 } in "./tmp2/27/init.rs"
verus failed, reverting
commenting out line Lines { lines: 471..=471 } in "./tmp2/27/init.rs"
verus failed, reverting
commenting out line Lines { lines: 471..=471 } in "./tmp2/27/init.rs"
verus failed, reverting
commenting out line Lines { lines: 472..=472 } in "./tmp2/27/init.rs"
verus failed, reverting
commenting out line Lines { lines: 472..=472 } in "./tmp2/27/init.rs"
verus failed, reverting
commenting out line Lines { lines: 472..=472 } in "./tmp2/27/init.rs"
verus failed, reverting
commenting out line Lines { lines: 395..=476 } in "./tmp2/27/init.rs"
verus failed, reverting
commenting out line Lines { lines: 727..=727 } in "./tmp2/27/init.rs"
verus succeeded with time: 88545ms
minimization of ./tmp2/27/init.rs is completed
404025.75user 5451.21system 33:05:36elapsed 343%CPU (0avgtext+0avgdata 1056504maxresident)k
0inputs+448096outputs (3999major+2040959804minor)pagefaults 0swaps
